// Vitest Snapshot v1, https://vitest.dev/guide/snapshot.html

exports[`Badge > renders 1`] = `
ElementNode {
  "_animationQueue": [],
  "_animationRunning": false,
  "children": Children [
    ElementNode {
      "_animationQueue": [],
      "_animationRunning": false,
      "_effects": {
        "border": {
          "color": "0x181819ff",
          "width": 2,
        },
        "radius": {
          "radius": 4,
        },
      },
      "_parent": [Circular],
      "_queueDelete": false,
      "_style": {
        "border": {
          "color": "0x181819ff",
          "width": 2,
        },
        "borderRadius": 4,
        "color": "0x181819b3",
        "disabled": {},
        "display": "flex",
        "focus": {},
        "gap": 4,
        "justifyContent": "spaceEvenly",
        "padding": [
          8,
          6,
          12,
          12,
        ],
      },
      "children": Children [
        ElementNode {
          "_animationQueue": [],
          "_animationRunning": false,
          "_parent": [Circular],
          "_queueDelete": false,
          "_style": {
            "color": "0xf8f7faff",
            "disabled": {},
            "focus": {},
            "fontFamily": "Arial",
            "fontSize": 20,
            "fontWeight": 500,
            "lineHeight": 24,
            "textBaseline": "bottom",
            "verticalAlign": "middle",
          },
          "children": Children [
            {
              "_queueDelete": false,
              "parent": [Circular],
              "text": "Hello",
              "type": 2,
            },
          ],
          "disabled": {},
          "focus": {},
          "lng": {
            "color": "0xf8f7faff",
            "fontFamily": "Arial",
            "fontSize": 20,
            "fontWeight": 500,
            "lineHeight": 24,
            "text": "Hello",
            "textBaseline": "bottom",
            "verticalAlign": "middle",
          },
          "rendered": false,
          "tone": "neutral",
          "type": 1,
        },
      ],
      "disabled": {},
      "display": "flex",
      "focus": {},
      "forwardStates": true,
      "gap": 4,
      "justifyContent": "spaceEvenly",
      "lng": {
        "color": "0x181819b3",
      },
      "onBeforeLayout": [Function],
      "padding": [
        8,
        6,
        12,
        12,
      ],
      "rendered": false,
      "title": "Hello",
      "tone": "neutral",
      "type": 0,
    },
  ],
  "lng": {},
  "onMount": [Function],
  "rendered": false,
  "type": 0,
}
`;
